// Jest Snapshot v1, https://goo.gl/fbAQLP

exports[`Appointments renders 1`] = `
<Fragment>
  <Grid>
    <PageHeader
      subtitle="Citas Pendientes"
      title="Citas Médicas"
    />
    <CustomCard
      header="Próxima Cita"
    >
      <AppointmentRow
        appointment={
          Object {
            "age": "25",
            "date": "20 Nov, 2018",
            "name": "María del Carmen Hinojosa Ramírez",
            "previous": "12 Jul, 2018",
            "profile": "../../../static/images/woman-avatar.png",
            "status": "Regular",
            "time": "08:30 am",
            "treatment": "N/A",
          }
        }
        className="is-active"
      />
    </CustomCard>
    <GridRow>
      <Appointments__AppointmentContainer>
        <AppointmentRow
          appointment={
            Object {
              "age": "30",
              "date": "20 Nov, 2018",
              "name": "José Armando Domínguez Pérez",
              "previous": "22 Sept, 2018",
              "profile": "../../../static/images/man-avatar.png",
              "status": "Regular",
              "time": "10:00 am",
              "treatment": "En curso",
            }
          }
        />
      </Appointments__AppointmentContainer>
    </GridRow>
    <Header
      as="h1"
    >
      Citas Completadas
    </Header>
    <GridRow>
      <Appointments__AppointmentContainer>
        <AppointmentRow
          appointment={
            Object {
              "age": "30",
              "date": "20 Nov, 2018",
              "name": "José Armando Domínguez Pérez",
              "previous": "22 Sept, 2018",
              "profile": "../../../static/images/man-avatar.png",
              "status": "Regular",
              "time": "10:00 am",
              "treatment": "En curso",
            }
          }
        />
      </Appointments__AppointmentContainer>
    </GridRow>
  </Grid>
</Fragment>
`;
