// Jest Snapshot v1, https://goo.gl/fbAQLP

exports[`Layout renders 1`] = `
<Fragment>
  <SideBar
    background="#3d5170"
  />
  <Layout__GlobalContainer>
    <SearchBar
      placeholder="Buscar derechohabiente o tarea"
    />
    <Layout__MainContainer />
  </Layout__GlobalContainer>
</Fragment>
`;
