// Jest Snapshot v1, https://goo.gl/fbAQLP

exports[`Login renders 1`] = `
<Fragment>
  <GlobalStyleComponent
    suppressMultiMountWarning={false}
  />
  <Login__LoginGrid>
    <Login__ImageColumn
      className="image-container"
      width={9}
    />
    <Login__LoginColumn
      computer={7}
      mobile={16}
      tablet={7}
    >
      <Login__LoginContainer>
        <Image
          as="img"
          src="../../static/images/login-logo.png"
          ui={true}
        />
        <Form
          as="form"
        >
          <FormInput
            as={[Function]}
            control={[Function]}
            label="NSS o correo electrónico"
            placeholder="NSS o jorge@ejemplo.com"
            required={true}
          />
          <FormInput
            as={[Function]}
            control={[Function]}
            label="Contraseña"
            placeholder="••••••••••"
            required={true}
            type="password"
          />
          <Login__LoginButton
            primary={true}
            small="true"
            type="submit"
          >
            Ingresar
          </Login__LoginButton>
        </Form>
        <Login__InfoContent>
          ¿Aún no tienes tu cuenta?
          <Link
            as="/registro"
            href="/register"
          >
            <a>
               Regístrate
            </a>
          </Link>
        </Login__InfoContent>
        <Login__InfoContent>
          <Link
            as="/recuperar"
            href="/recovery"
          >
            <a>
              Olvidé mi contraseña
            </a>
          </Link>
        </Login__InfoContent>
        <Login__InfoContent
          className="footer"
        >
          © Instituto Mexicano del Seguro Social. Todos los derechos reservados.
        </Login__InfoContent>
      </Login__LoginContainer>
    </Login__LoginColumn>
  </Login__LoginGrid>
</Fragment>
`;
