// Jest Snapshot v1, https://goo.gl/fbAQLP

exports[`Header renders 1`] = `
<Fragment>
  <GridRow>
    <GridColumn
      computer={12}
      mobile={16}
    >
      <PageHeader__CustomHeader
        as="h3"
      />
      <PageHeader__CustomHeader
        as="h1"
      />
    </GridColumn>
    <GridColumn
      computer={4}
      mobile={16}
    >
      <PageHeader__DateContainer>
        <PageHeader__Date
          className="ui header"
          element="h3"
          format="LL"
          locale="es"
        />
        <PageHeader__Date
          element="h3"
          format="hh:mm a"
          interval={15000}
          locale="es"
        />
      </PageHeader__DateContainer>
    </GridColumn>
  </GridRow>
</Fragment>
`;
