// Jest Snapshot v1, https://goo.gl/fbAQLP

exports[`Header renders 1`] = `
<Fragment>
  <GridRow>
    <GridColumn
      computer={12}
      mobile={16}
    >
      <PageHeader__CustomHeader
        as="h3"
      />
      <PageHeader__CustomHeader
        as="h1"
      />
    </GridColumn>
    <GridColumn
      computer={4}
      mobile={16}
    >
      <PageHeader__DateContainer>
        <PageHeader__Date
          as="h3"
        >
          24 de noviembre de 2018
        </PageHeader__Date>
        <PageHeader__Date
          as="h3"
        >
          12:11 am
        </PageHeader__Date>
      </PageHeader__DateContainer>
    </GridColumn>
  </GridRow>
</Fragment>
`;
