// Jest Snapshot v1, https://goo.gl/fbAQLP

exports[`PageHeader renders 1`] = `
<Fragment>
  <GridRow>
    <GridColumn
      computer={12}
      mobile={16}
    >
      <PageHeader__CustomHeader
        as="h3"
      />
      <PageHeader__CustomHeader
        as="h1"
      />
    </GridColumn>
    <GridColumn
      computer={4}
      mobile={16}
    >
      <PageHeader__DateContainer>
        <PageHeader__Date
          as="h3"
        >
          29 de junio de 2011
        </PageHeader__Date>
        <PageHeader__Date
          as="h3"
          name="dateTime"
        >
          11:52 am
        </PageHeader__Date>
      </PageHeader__DateContainer>
    </GridColumn>
  </GridRow>
</Fragment>
`;
