// Jest Snapshot v1, https://goo.gl/fbAQLP

exports[`Consultation renders 1`] = `
<Fragment>
  <Grid>
    <PageHeader
      goBack="true"
      subtitle="Consulta - "
      title="Atrás"
    />
    <GridRow>
      <GridColumn
        computer={5}
        mobile={16}
      >
        <CustomCard
          header="Somatometría Previa"
        >
          <Consultation__SomatometryData>
            <p>
              <b>
                Enfermero(a): 
              </b>
            </p>
             
            Rodrigo Fernández
          </Consultation__SomatometryData>
          <Consultation__SomatometryData>
            <p>
              <b>
                Estatura: 
              </b>
            </p>
             
            169
             cm
          </Consultation__SomatometryData>
          <Consultation__SomatometryData>
            <p>
              <b>
                Peso: 
              </b>
            </p>
             
            63
             Kg
          </Consultation__SomatometryData>
          <Consultation__SomatometryData>
            <p>
              <b>
                Presión y pulso: 
              </b>
            </p>
             
            68
             p/m
          </Consultation__SomatometryData>
          <Consultation__SomatometryData>
            <p>
              <b>
                IMC: 
              </b>
            </p>
             
            22.06
          </Consultation__SomatometryData>
          <Consultation__SomatometryData>
            <p>
              <b>
                Temperatura: 
              </b>
            </p>
             
            36
             °C
          </Consultation__SomatometryData>
        </CustomCard>
        <CustomCard
          header="Estado de Salud"
        >
          <Dropdown
            additionLabel="Add "
            additionPosition="top"
            closeOnBlur={true}
            deburr={false}
            fluid={true}
            icon="dropdown"
            minCharacters={1}
            name="healthStatus"
            noResultsMessage="No results found."
            onChange={[Function]}
            openOnFocus={true}
            options={
              Array [
                Object {
                  "text": "Regular",
                  "value": 0,
                },
                Object {
                  "text": "Crítico",
                  "value": 1,
                },
              ]
            }
            placeholder="Seleccionar Estado"
            renderLabel={[Function]}
            searchInput="text"
            selectOnBlur={true}
            selectOnNavigation={true}
            selection={true}
            value={0}
            wrapSelection={true}
          />
        </CustomCard>
        <CustomCard
          header="Estudios Clínicos"
          iconColor="blue"
          iconName="pencil"
        >
          <List>
            <ListItem
              key="0"
            >
              <ListIcon
                name="eye"
              />
              <ListContent>
                Rayos X
              </ListContent>
            </ListItem>
            <ListItem
              key="1"
            >
              <ListIcon
                name="eye"
              />
              <ListContent>
                Tomografía
              </ListContent>
            </ListItem>
          </List>
        </CustomCard>
      </GridColumn>
      <GridColumn
        computer={11}
        mobile={16}
      >
        <CustomCard
          className="nth-col-first"
          header="Información de Consulta"
        >
          <Form
            as="form"
            name="information"
          >
            <FormTextArea
              as={[Function]}
              control={[Function]}
              label="Motivo de la consulta:"
              name="motive"
              onChange={[Function]}
              placeholder="Escribe aquí el motivo de la consulta."
              value=""
            />
            <FormTextArea
              as={[Function]}
              control={[Function]}
              label="Exploración física:"
              name="physicalExploration"
              onChange={[Function]}
              placeholder="En caso de aplicar, ingresa las observaciones de la exploración física."
              value=""
            />
            <FormTextArea
              as={[Function]}
              control={[Function]}
              label="Observaciones y conclusiones de la consulta:"
              name="conclusion"
              onChange={[Function]}
              placeholder="Escribe aquí las observaciones finales de la consulta."
              value=""
            />
          </Form>
        </CustomCard>
        <CustomCard
          header="Tratamiento"
          iconName="print"
          label="Imprimir"
        >
          <Form
            as="form"
          >
            <FormGroup>
              <FormInput
                as={[Function]}
                control={[Function]}
                label="Dosis"
                name="dose"
                onChange={[Function]}
                placeholder="Dosis"
                value=""
                width={2}
              />
              <FormInput
                as={[Function]}
                control={[Function]}
                label="Medicamento"
                name="medicine"
                onChange={[Function]}
                placeholder="Medicamento"
                value=""
                width={6}
              />
              <FormInput
                as={[Function]}
                control={[Function]}
                label="Frecuencia"
                name="frequency"
                onChange={[Function]}
                placeholder="Frecuencia"
                value=""
                width={4}
              />
              <FormInput
                as={[Function]}
                control={[Function]}
                label="Duración"
                name="duration"
                onChange={[Function]}
                placeholder="Duración"
                value=""
                width={3}
              />
              <Consultation__AddIconContainer>
                <Consultation__AddIcon
                  name="plus"
                  onClick={[Function]}
                />
              </Consultation__AddIconContainer>
            </FormGroup>
            <Consultation__ErrorMessage
              name="error"
            />
            <Table
              as="table"
              basic="very"
            >
              <TableBody
                as="tbody"
              />
            </Table>
            <FormTextArea
              as={[Function]}
              control={[Function]}
              label="Indicaciones del tratamiento:"
              name="indications"
              onChange={[Function]}
              placeholder="Escribe aquí las indicaciones del tratamiento."
              value=""
            />
          </Form>
        </CustomCard>
      </GridColumn>
    </GridRow>
    <GridRow>
      <Consultation__FinalizeButtonContiainer>
        <Link
          href="/medic/profile"
        >
          <Button
            as="button"
            content="Finalizar Consulta"
            role="button"
          />
        </Link>
      </Consultation__FinalizeButtonContiainer>
    </GridRow>
  </Grid>
</Fragment>
`;
