// Jest Snapshot v1, https://goo.gl/fbAQLP

exports[`Information renders 1`] = `
<Fragment>
  <CustomCard
    className="nth-col-first"
    header="Información de Consulta"
  >
    <Form
      as="form"
      name="information"
    >
      <Information__FormTextArea
        label="Motivo de la consulta:"
        name="motive"
        placeholder="Escribe aquí el motivo de la consulta."
      />
      <Information__FormTextArea
        label="Exploración física:"
        name="physicalExploration"
        placeholder="En caso de aplicar, ingresa las observaciones de la exploración física."
      />
      <Information__FormTextArea
        label="Observaciones y conclusiones de la consulta:"
        name="conclusion"
        placeholder="Escribe aquí las observaciones finales de la consulta."
      />
    </Form>
  </CustomCard>
</Fragment>
`;
