// Jest Snapshot v1, https://goo.gl/fbAQLP

exports[`SideBar renders 1`] = `
<SideBar__SideMenu
  background="#F65D61"
  fixed="left"
  icon={true}
  name="sideMenu"
  vertical={true}
>
  <SideBar__HealthImage
    src="../../../static/images/Health-Bar-Logo.png"
  />
  <Link
    as="/admin/home"
    href="/admin"
  >
    <MenuItem
      active={true}
      name="home"
      onClick={[Function]}
    >
      <Icon
        as="i"
        name="home"
        size="large"
      />
    </MenuItem>
  </Link>
  <Link
    as="/doctor/hello"
    href="/doctor/hola"
  >
    <MenuItem
      active={false}
      name="user"
      onClick={[Function]}
    >
      <Icon
        as="i"
        name="user"
        size="large"
      />
    </MenuItem>
  </Link>
</SideBar__SideMenu>
`;
