// Jest Snapshot v1, https://goo.gl/fbAQLP

exports[`Header renders 1`] = `
<Fragment>
  <GridRow>
    <GridColumn
      computer={12}
      mobile={16}
    >
      <Header__CustomHeader3
        className="ui header"
      >
        <span>
           
        </span>
      </Header__CustomHeader3>
      <Header__CustomHeader1
        className="ui header"
      />
    </GridColumn>
    <GridColumn
      computer={4}
      mobile={16}
    >
      <Header__DateContainer>
        <Header__Date
          className="ui header"
          element="h3"
          format="LL"
          locale="es"
        />
        <Header__Date
          element="h3"
          format="hh:mm a"
          interval={15000}
          locale="es"
        />
      </Header__DateContainer>
    </GridColumn>
  </GridRow>
</Fragment>
`;
